// Jest Snapshot v1, https://goo.gl/fbAQLP

exports[`Loader Component should be correctly rendered 1`] = `
<DocumentFragment>
  <div
    class="flex gap-1 opacity-90"
    data-testid="loader"
  >
    <span
      class="inline-flex h-4 w-4 animate-bounce rounded-full bg-primary-900"
    />
    <span
      class="inline-flex h-4 w-4 animate-bounce rounded-full bg-primary-900"
    />
    <span
      class="inline-flex h-4 w-4 animate-bounce rounded-full bg-primary-900"
    />
    <p
      class="sr-only"
    >
      Loading...
    </p>
  </div>
</DocumentFragment>
`;
