// Jest Snapshot v1, https://goo.gl/fbAQLP

exports[`Header DesktopPrimaryMenu Component should be correctly rendered 1`] = `
<DocumentFragment>
  <div
    class="mx-5 hidden gap-6 md:flex lg:mx-10 lg:gap-8"
    data-testid="desktop-primary-menu"
  >
    <a
      class="flex items-center space-x-1 whitespace-nowrap text-primary-900"
      href="#"
    >
      Mais Votados
    </a>
    <a
      class="flex items-center space-x-1 whitespace-nowrap text-primary-900"
      href="#"
    >
      Mais Recentes
    </a>
    <a
      class="flex items-center space-x-1 whitespace-nowrap text-primary-900"
      href="#"
    >
      Criar Deck
    </a>
  </div>
</DocumentFragment>
`;
