// Jest Snapshot v1, https://goo.gl/fbAQLP

exports[`Auth Button Component should be properly rendered 1`] = `
<DocumentFragment>
  <button
    class="flex flex-row gap-2 rounded-md px-6 py-2 text-base font-normal capitalize tracking-wide ring-2 transition-colors duration-150 ease-in-out hover:shadow-md bg-primary-50 hover:bg-error-50 text-error-700 ring-error-700 w-full justify-center"
    data-testid="auth-button"
  >
    Sair
  </button>
</DocumentFragment>
`;
