// Jest Snapshot v1, https://goo.gl/fbAQLP

exports[`Header DesktopSecondaryMenu Component should be correctly rendered 1`] = `
<DocumentFragment>
  <div
    class="relative hidden md:block"
    data-headlessui-state=""
    data-testid="desktop-secondary-menu"
  >
    <button
      aria-expanded="false"
      class="inline-flex items-center justify-center bg-primary-50 p-1 text-primary-900"
      data-headlessui-state=""
      data-testid="popover-button"
      id="headlessui-popover-button-:r0:"
      type="button"
    >
      <svg
        aria-hidden="true"
        class="h-8 w-8 text-primary-900"
        fill="none"
        stroke="currentColor"
        stroke-width="1.5"
        viewBox="0 0 24 24"
        xmlns="http://www.w3.org/2000/svg"
      >
        <path
          d="M17.982 18.725A7.488 7.488 0 0012 15.75a7.488 7.488 0 00-5.982 2.975m11.963 0a9 9 0 10-11.963 0m11.963 0A8.966 8.966 0 0112 21a8.966 8.966 0 01-5.982-2.275M15 9.75a3 3 0 11-6 0 3 3 0 016 0z"
          stroke-linecap="round"
          stroke-linejoin="round"
        />
      </svg>
    </button>
  </div>
</DocumentFragment>
`;
